// Vitest Snapshot v1, https://vitest.dev/guide/snapshot.html

exports[`fixtures > import attributes 1`] = `
[
  "index.d.ts",
]
`;

exports[`fixtures > import attributes 2`] = `
"export { sub } from 'foo';
"
`;

exports[`fixtures > monorepo 1`] = `
[
  "index.d.ts",
]
`;

exports[`fixtures > monorepo 2`] = `
"export * from 'pkg-b';

declare const pkgC = "pkg-c";
type PkgC = typeof pkgC;

declare const testJsSuffixReplace = "test-js-suffix-replace";
type TestSuffixReplace = typeof testJsSuffixReplace;

declare const pkgA = "pkg-a";
type PkgA = typeof pkgA;

export { type PkgA, type PkgC, type TestSuffixReplace, pkgA, pkgC, testJsSuffixReplace };
"
`;

exports[`fixtures > monorepo 3`] = `
[
  "index.d.ts",
]
`;

exports[`fixtures > monorepo 4`] = `
"export * from 'pkg-b';

declare const pkgC = "pkg-c";
type PkgC = typeof pkgC;

declare const testJsSuffixReplace = "test-js-suffix-replace";
type TestSuffixReplace = typeof testJsSuffixReplace;

declare const pkgA = "pkg-a";
type PkgA = typeof pkgA;

export { type PkgA, type PkgC, type TestSuffixReplace, pkgA, pkgC, testJsSuffixReplace };
"
`;

exports[`fixtures > project with references 1`] = `
[
  "index.d.ts",
]
`;

exports[`fixtures > project with references 2`] = `
"interface User {
    name: string;
}

declare const user: User;

export { user };
"
`;
